✔ the registry's update-epic projection still accepts every 0.26.0 UPDATE_EPIC_FLAGS entry (0.981416ms)
✔ the registry's add-epic projection still accepts every flag add-epic parsed in 0.26.0 (0.126708ms)
✔ the registry's add-many keys still include every state key add-many copied in 0.26.0 (0.103125ms)
✔ every registry entry declares a flag, a key slot and at least one accepting command (0.198041ms)
✔ UPDATE_EPIC_FLAGS is the registry's projection, not a literal that happens to match (0.160167ms)
✔ update-epic still names the offending flag AND the flags it does support (91.984416ms)
✔ marking a flag `repeats: true` in the registry ALONE makes parseFlags accumulate it (0.217417ms)
✔ set-tracker --intent still accumulates both pairs — the literal is UNIONED, not replaced (94.276791ms)
✔ add-epic rejects an unsupported flag by name and writes nothing (#79) (53.424084ms)
✔ add-epic never accepts an annotation flag it will not persist (#79's live payload) (85.550416ms)
✔ add-many rejects an unpersisted batch key by name and creates ZERO epics (60.382042ms)
✔ every add-many key the registry declares round-trips through a batch entry (74.753083ms)
✔ every DOCUMENTED update-epic flag is accepted and its value reads back from state (5842.443792ms)
✔ the outcome vocabulary and the engine-stamp token set are each exactly what the release defines (0.158792ms)
✔ an agent-supplied disposition that is not `delivered` is rejected without a reason (0.37325ms)
✔ `delivered` needs no reason, and an agent's record carries no recordedBy (0.11825ms)
✔ an outcome outside the vocabulary is rejected by name (0.055834ms)
✔ an engine stamp carries its path token, defaults to `unknown`, and demands no reason (0.103291ms)
✔ outcomeOf is the reader — an epic with no disposition reads `unknown` (0.058875ms)
✔ isEngineStamped is the ONLY way an engine stamp is told from an agent's record (0.053792ms)
✔ no module under scripts/lib/ reads .outcome or .recordedBy off an epic (4.866125ms)
✔ a recorded disposition renders in PROJECT.md and the brief from state.json alone (54.745917ms)
✔ an engine `unknown` stamp with no reason adds no disposition row (52.590792ms)
✔ update-epic holds no openspec-lane archive condition of its own (0.336083ms)
✔ the archive gate returns a refusal OBJECT and never exits the process itself (0.818208ms)
✔ the gate is reachable from update-epic, refusal text intact (66.557708ms)
✔ a declared lifecycle task leaves BOTH numerator and denominator (164.229625ms)
✔ a marked task is excluded whether or not it is ticked (157.963166ms)
✔ excluded is always a number, including on the branches that read no file (330.050917ms)
✔ an UNDECLARED task is counted however it is worded (153.634ms)
✔ the marker is read on the task LINE — never on a following line, never by position (153.028834ms)
✔ a source whose every task is excluded is still a SOURCE — no missing-source warning (158.476625ms)
✔ the count a guard would cite is byte-identical to the count PROJECT.md renders (179.961875ms)
✔ no module computes outstanding work for itself (3.729167ms)
✔ all three surfaces present checkbox progress as CLAIMED completion, in one wording (63.24625ms)
✔ a task that merely DOCUMENTS the marker is not excluded by it (93.745792ms)
✔ a lane-less epic is held to the openspec-lane archive gate (52.740417ms)
✔ a lane-less epic appears in the dangling-change check (0.165125ms)
✔ a gate verdict can be recorded against a lane-less epic (130.947ms)
✔ no module under scripts/lib/ decides openspec-lane membership with a strict comparison (3.590833ms)
✔ a pass records its range and reviewer as separate FIELDS, not as prose (143.625458ms)
✔ a pass with no recorded range is refused, naming the missing evidence (105.19725ms)
✔ a fail verdict may omit the range — there is no shipped work to have covered (76.257917ms)
✔ a pre-existing verdict loads, renders as carrying no checkable evidence, and is not rewritten (57.580083ms)
✔ no module under scripts/lib/ mines a sha or a range out of a verdict note (4.846333ms)
✔ the agent-writable and the storable verdict vocabularies are separate lists (0.215834ms)
✔ record-gate-review refuses `ungated` and names the verdicts it accepts (78.449666ms)
✔ a real verdict supersedes the prior entry instead of destroying it (134.029125ms)
✔ supersession preserves ANY prior entry and never nests a second level (207.233875ms)
✔ an epic carrying only a gate1 verdict is named on both surfaces, with its evidence (154.919916ms)
✔ --attribute-commit appends a hash that reads back from state.json (179.072625ms)
✔ two hashes in ONE invocation both land, in the order given (206.251583ms)
✔ an epic written before this capability carries NO attribution key at all (53.6445ms)
✔ a verdict whose range stops short of the attributed commits refuses the archive (249.791416ms)
✔ a verdict covering the last attributed commit passes, even after HEAD moves on (336.03575ms)
✔ the archive-move commit, left unattributed, does not make the epic's own verdict stale (348.183417ms)
✔ attributing the archive-move commit DOES refuse it — which is why the exclusion is emitted (366.59275ms)
✔ archiving with no --outcome is refused, naming the permitted outcomes (78.160709ms)
✔ the agent cannot choose `unknown` — it records that nobody was asked (99.614167ms)
✔ a non-delivered outcome without a reason is refused, and delivered needs none (93.192542ms)
✔ a change killed at Gate 1 with 47 unticked tasks archives with no Gate 2 demanded (75.843709ms)
✔ a DELIVERED archive of the same epic is still refused without a passing Gate 2 (64.372583ms)
✔ an agent's disposition REPLACES an engine stamp and leaves no recordedBy behind (124.756125ms)
✔ an agent-supplied disposition is REFUSED, naming what it collided with (52.06025ms)
✔ the refusal names the MISSING ASSERTION and lists no deferrals of its own (67.814542ms)
✔ asserting `none` satisfies the gate and reads back as the agent's answer (80.308375ms)
✔ no module under scripts/lib/ reads a change's artifacts to identify deferrals (6.85325ms)
✔ a delivered archive with outstanding work names BOTH remedies and the same count (85.454875ms)
✔ recording where the work went lets the archive through (97.152416ms)
✔ a fully delivered change whose only unticked item is MARKED needs no handoff (139.448916ms)
✔ a killed epic with every task outstanding is asked for no handoff (75.9985ms)
✔ the heal writes an identical record from the render call site (65.665167ms)
✔ the heal writes an identical record from the sync call site (62.829625ms)
✔ the heal writes an identical record from the upgrade call site (72.919667ms)
✔ the heal writes an identical record from the commit-nudge call site (80.499791ms)
✔ a healed superpowers-lane epic gets the disposition and NO ungated condition (62.734084ms)
✔ a healed LANE-LESS epic DOES receive the bypass half (61.439875ms)
✔ an existing gate2 verdict is never overwritten by the heal (61.241833ms)
✔ add-epic --status archived stamps its own token and writes no gate2 (60.463125ms)
✔ an add-many batch entry at archived stamps ITS token, so neither rule hides in the other (63.82875ms)
✔ a backfill registering THROUGH a creation path keeps the backfill's token (0.120542ms)
✔ no flag on any command writes recordedBy (0.073ms)
✔ the documented sequence ends with the real disposition recorded (229.923167ms)
✔ accepting an already-archived epic is not waiving the gate (50.819458ms)
✔ the heal archives an epic with 12 unticked tasks, counts intact, no refusal (62.345542ms)
✔ both archived-at-creation paths succeed with no outcome, no assertion, no handoff (94.514625ms)
✔ after an upgrade, every archived epic carries a disposition RECORD, not a reader default (113.016708ms)
✔ a stale verdict and a fresh one render differently on BOTH surfaces (725.810792ms)
✔ the three no-attribution states each archive successfully and each render differently (215.935458ms)
✔ both the archiving epic and the receiving epic show the relationship (126.719792ms)
✔ no module creates an epic except through pushEpic() — the sink the rule is bound to (5.395458ms)
✔ EVERY creation path yields an epic carrying the array EMPTY — sync's two included (174.557458ms)
✔ the archive backfill is the ONE creation path that carries no array, deliberately (173.158625ms)
✔ record-gate-review rejects an unsupported flag by name and writes nothing (113.059416ms)
✔ every DOCUMENTED record-gate-review flag is accepted and reads back from state (373.915459ms)
✔ record-gate-review's allowlist is the shared registry's projection, not a second literal (0.132583ms)
✔ 16.3: a headSha naming the last attributed commit at another length reads FRESH (58.010791ms)
✔ 7.5: the checked-in 0.26.0 state carries none of this release's fields (0.694709ms)
✔ 7.5: an un-upgraded 0.26.0 state emits byte-identically to 0.26.0 for a jira primary (12.865291ms)
✔ 7.5: every absent field on un-upgraded 0.26.0 state reads as its documented default (44.988875ms)
✔ 7.5: an un-upgraded 0.26.0 state briefs without an upgrade nudge for its own version (6.887875ms)
✔ 7.1: a 0.26.0 state applies the entries above it, and the second run is a byte-identical no-op (83.489125ms)
✔ 7.1: replaying the entry against its own output changes nothing (72.780542ms)
✔ 7.2: a jira primary is stamped outward and a github-issues primary inward (149.700333ms)
✔ 7.2: an explicitly configured direction is never overwritten (57.269042ms)
✔ 7.2: every secondary is pinned inward, and an explicit one is left alone (46.050667ms)
✔ 7.2: the rules block after the upgrade is identical to the one emitted before it (108.679375ms)
✔ 7.3: on real data every archived epic ends with an outcome, and `delivered` is exactly the passing-Gate-2 set (77.48725ms)
✔ 7.3: the stamp reaches every lane, and recordedAt prefers the epic's own completedAt (63.647959ms)
✔ 7.4: the migration adds no attribution array to a pre-existing epic (47.444916ms)
✔ 7.4: the migration never writes the archive-backfill marker (41.231875ms)
✔ 7.4: the migration leaves an agent-recorded disposition untouched (61.525791ms)
✔ 7.4: the interactive verb still replaces a migration stamp AFTER the migration has run (72.784625ms)
✔ 7.6: the documented rollback sequence restores state and re-renders from it (145.911208ms)
✔ 7.6: the rollback procedure is documented where a user upgrading will read it (0.388709ms)
✔ 8.1: sync registers exactly the archived changes that have no epic, already archived (23.880708ms)
✔ 8.1: reconcileArchived() never appends to state.epics (67.129167ms)
✔ 8.1: a change archived before /pm:init ever ran is not lost (59.879458ms)
✔ 8.2: a date-prefixed archive directory does not duplicate its existing epic (82.808875ms)
✔ 8.2: an epic whose OWN id is date-prefixed is matched too (112.945166ms)
✔ 8.2: re-running sync after a backfill adds nothing and modifies nothing (23.265875ms)
✔ 8.2: a change registered while active and archived later resolves to ONE epic (84.031666ms)
✔ 8.3: an abandoned change registers with its unticked count intact (123.102541ms)
✔ 8.3: a fully ticked archived change registers as complete and is distinguishable (75.240166ms)
✔ 8.3: an epic the conductor MANAGED reads its archived tasks.md too (handoff-demand-blind-spots D1) (102.940709ms)
✔ 8.4: every backfilled epic is stamped identically, complete or not (110.949416ms)
✔ 8.4: no flag on any command writes recordedBy, and a creation path keeps its own token (85.103ms)
✔ 8.5: a backfilled epic gets no gate2 entry at all, and is never named as an ungated archive (77.198917ms)
✔ 8.6: the first backfill announces the count and the ids, and records that it ran (30.719125ms)
✔ 8.6: a repo already carrying the marker registers nothing and announces nothing (36.087ms)
✔ 8.6: a state file with no marker loads unchanged, backfills once, and does not repeat (26.135625ms)
✔ 8.6: the marker is absent from defaultState, or its presence would stop marking anything (0.130333ms)
✔ 8.6: a change archived AFTER the backfill is registered without a backfill announcement (33.790417ms)
✔ 9.1: integrity leaves state.json byte-identical and blocks nothing (60.315792ms)
✔ 9.1: every check is reported with its count, including the ones that found nothing (78.757333ms)
✔ 9.5: on the frozen pre-walk record the zero-ticked check reports exactly the five identified epics (1945.151166ms)
✔ 9.5: every epic the zero-ticked check has since dropped left because the record now explains it (13331.265208ms)
✔ 9.5: the check is gated on total > 0, so an archived epic with no source is not a finding (91.202333ms)
✔ 9.2: a killed 47-task epic with everything unticked is not a finding; an unknown one is (60.160792ms)
✔ 9.2: scoping to `delivered` would have emptied the candidate set on the record this rule cites (2038.285833ms)
✔ 9.6: on live data the dual-lane check reports exactly the four pairs, lanes as recorded (10275.392542ms)
✔ 9.6: literal equality would report none of them, and same-lane ids are not a finding (53.114458ms)
✔ 9.7: every live dual-lane finding cites #64/#69 as the likely cause (11518.016375ms)
✔ 9.3: the check reports exactly the cited commits the recorded range does not reach (45.212416ms)
✔ 9.3: a verdict with no structured range is never mined for one, and none exists live (10615.540833ms)
✔ 9.3: a verdict's own recorded endpoints are never reported as commits it failed to reach (53.48875ms)
✔ 9.4 arm 1: a verdict dated after the epic's merge commit is reported (130.205208ms)
✔ 9.4 arm 1 does not apply where there is no attribution array (27.063375ms)
✔ 9.4 arm 2: two gates 47 ms apart are reported; hours apart are not (0.455792ms)
✔ 9.4 arm 1 exempts an EVIDENCED verdict dated after the last attributed commit (50.037666ms)
✔ 9.4: zero live candidates, and the reason each arm cannot fire is checkable (11717.09975ms)
✔ 9.9: the heal-archived epic with a passing Gate 2 is reported, and nothing else reports it (107.143791ms)
✔ 9.9: zero live candidates, because the migration stamps `migration` and not the heal (10027.617459ms)
✔ 9.10: the empty-array epic is reported and the absent-array epic is not (18.073833ms)
✔ 9.10: zero live candidates, because the migration adds the array to no pre-existing epic (9797.198417ms)
✔ 9.11: on live data exactly two epics are reported, and neither is excluded by the scope rule (10842.899958ms)
✔ 9.11: the archive proceeds and the missing spec review is a finding, never a refusal (258.314542ms)
✔ 9.11: the preconditions are load-bearing — no passing Gate 2, or not openspec-lane, is not a finding (14.500042ms)
✔ 9.12: an unregistered archive directory is reported, and no epic is created for it (94.249458ms)
✔ 9.12: zero live candidates — this repository's one archive directory is registered (10761.305666ms)
✔ 9.13: two consecutive briefings both name the ungated epic, and a real verdict clears it (197.549ms)
✔ 9.13: the notice is recomputed, never consumed — a delivered briefing does not clear it (78.4905ms)
✔ 9.13: no backfilled epic is ever named as an ungated archive (61.73475ms)
✔ 9.13: an epic closed killed leaves the ungated notice — its only clearing path can never arrive (92.728709ms)
✔ 9.14: the recorded day-one set names every check and explains every live finding (10202.584375ms)
✔ the dangling-reference check fires on constructed data, naming every holder (1.147125ms)
✔ the dangling-reference check is silent on a record whose references all resolve (0.223375ms)
✔ this repository's own record holds no dangling epic reference (10347.465709ms)
✔ the walk finds the shipped markdown tree — a gate over an empty set is a green light (6.382958ms)
✔ every shipped markdown file is structurally whole (11.075709ms)
✔ the checker fires on the ACTUAL 0.31.0 truncation, not just a synthetic one (29.242208ms)
✔ (1) an unclosed code fence is caught (0.253625ms)
✔ (1) fence nesting does not fool the tracker, and would have fooled fence-line parity (0.101375ms)
✔ (1) an inline code span at the start of a line is not read as a fence (0.093708ms)
✔ (2) unterminated frontmatter is caught (0.090833ms)
✔ (3) a heading whose section was cut away is caught, and a title above its first section is not (0.091916ms)
✔ (3) a `#` comment inside a shell example is not mistaken for an empty heading (0.064917ms)
✔ (4) a table cut off after its delimiter row is caught (0.19175ms)
✔ (5) an unclosed <details> block is caught, and a fenced example of one is not (0.070917ms)
✔ gh-191: a Gate 1 carrying ARTIFACT evidence is exempt from the bookkeeping arm (25.782708ms)
✔ gh-191: a verdict carrying NEITHER range nor artifacts still reports (20.8295ms)
✔ gh-191: an EMPTY artifact array is not evidence (23.156917ms)
✔ gh-191: the range exemption is unchanged (31.716042ms)
ℹ tests 183
ℹ suites 0
ℹ pass 183
ℹ fail 0
ℹ cancelled 0
ℹ skipped 0
ℹ todo 0
ℹ duration_ms 127462.245417
exit 0 in 128s
